[36mvite v8.0.7 [32mbuilding client environment for production...[36m[39m
[2K
transforming...Γ£ô 1793 modules transformed.
rendering chunks...
computing gzip size...
dist/index.html                   0.84 kB Γöé gzip:   0.47 kB
dist/assets/index-BXZAvpi5.css   26.26 kB Γöé gzip:   5.23 kB
dist/assets/index-COPOmdXm.js   333.24 kB Γöé gzip: 102.22 kB

[32mΓ£ô built in 912ms[39m
